// Jest Snapshot v1, https://goo.gl/fbAQLP

exports[`wiki.extractAuthorDetails Returns the expected response 1`] = `
Object {
  "bio": "Avul Pakir Jainulabdeen Abdul Kalam (15 October 1931 – 27 July 2015) was an Indian aerospace scientist who served as the 11th President of India from 2002 to 2007. He was born and raised in Rameswaram, Tamil Nadu and studied physics and aerospace engineering. He spent the next four decades as a scientist and science administrator, mainly at the Defence Research and Development Organisation (DRDO) and Indian Space Research Organisation (ISRO) and was intimately involved in India's civilian space programme and military missile development efforts.",
  "categories": Array [
    "1931 births",
    "2015 deaths",
    "20th-century Indian engineers",
    "20th-century Indian politicians",
    "21st-century Indian engineers",
    "21st-century Indian politicians",
    "A. P. J. Abdul Kalam",
    "All Wikipedia articles written in Indian English",
    "Articles with Encyclopædia Britannica links",
    "Articles with hAudio microformats",
    "Articles with hCards",
    "Articles with short description",
    "CS1 maint: archived copy as title",
    "CS1 maint: extra text: authors list",
    "CS1 maint: others",
    "Defence Research and Development Organisation",
    "Engineers from Tamil Nadu",
    "Fellows of the National Academy of Medical Sciences",
    "Good articles",
    "Indian Muslims",
    "Indian Space Research Organisation people",
    "Indian Tamil academics",
    "Indian Tamil politicians",
    "Indian aerospace engineers",
    "Madras Institute of Technology alumni",
    "Nuclear energy in India",
    "Pages including recorded pronunciations",
    "Pages using Sister project links with hidden wikidata",
    "People from Ramanathapuram district",
    "Presidents of India",
    "Recipients of the Bharat Ratna",
    "Recipients of the Padma Bhushan in civil service",
    "Recipients of the Padma Vibhushan in science & engineering",
    "Short description is different from Wikidata",
    "St Joseph's College, Tiruchirappalli alumni",
    "State funerals in India",
    "Tamil engineers",
    "Tamil poets",
    "University of Madras alumni",
    "Use Indian English from June 2016",
    "Use dmy dates from March 2021",
    "Webarchive template wayback links",
    "Wikipedia articles with BNF identifiers",
    "Wikipedia articles with CANTIC identifiers",
    "Wikipedia articles with GND identifiers",
    "Wikipedia articles with ISNI identifiers",
    "Wikipedia articles with LCCN identifiers",
    "Wikipedia articles with NDL identifiers",
    "Wikipedia articles with NKC identifiers",
    "Wikipedia articles with NLA identifiers",
    "Wikipedia articles with NLI identifiers",
    "Wikipedia articles with NLK identifiers",
    "Wikipedia articles with NTA identifiers",
    "Wikipedia articles with SUDOC identifiers",
    "Wikipedia articles with Trove identifiers",
    "Wikipedia articles with VIAF identifiers",
    "Wikipedia articles with WORLDCATID identifiers",
    "Wikipedia indefinitely semi-protected pages",
  ],
  "description": "Scientist and 11th President of India",
  "imagePath": "A._P._J._Abdul_Kalam.jpg",
  "images": undefined,
  "link": "https://en.wikipedia.org/wiki/A._P._J._Abdul_Kalam",
  "name": "A. P. J. Abdul Kalam",
  "pageId": 62682,
}
`;
